---
source: crates/rome_js_formatter/tests/spec_test.rs
assertion_line: 256
expression: import_meta_expression.js

---
# Input
console.log(import.meta);
import.meta.field = obj.aReallyLongVariableName.andAnotherReallyLongVariableName.andAnotherReallyLongVariableName.andAnotherReallyLongVariable;
import.meta.aReallyLongVariableName.andAnotherReallyLongVariableName.andAnotherReallyLongVariableName.andAnotherReallyLongVariable;

=============================
# Outputs
## Output 1
-----
Indent style: Tab
Line width: 80
Quote style: Double Quotes
Unstable sort imports: false
-----
console.log(import.meta);
import.meta.field =
	obj.aReallyLongVariableName.andAnotherReallyLongVariableName.andAnotherReallyLongVariableName.andAnotherReallyLongVariable;
import.meta.aReallyLongVariableName.andAnotherReallyLongVariableName.andAnotherReallyLongVariableName.andAnotherReallyLongVariable;
## Output 2
-----
Indent style: Spaces, size: 4
Line width: 120
Quote style: Double Quotes
Unstable sort imports: false
-----
console.log(import.meta);
import.meta.field =
    obj.aReallyLongVariableName.andAnotherReallyLongVariableName.andAnotherReallyLongVariableName.andAnotherReallyLongVariable;
import.meta.aReallyLongVariableName.andAnotherReallyLongVariableName.andAnotherReallyLongVariableName.andAnotherReallyLongVariable;

