---
source: crates/rome_js_formatter/tests/spec_test.rs
assertion_line: 198
expression: smoke.jsx

---
# Input
<A />
=============================
# Outputs
## Output 1
-----
Indent style: Tab
Line width: 80
-----
<A />;

