---
source: crates/rome_js_formatter/tests/spec_test.rs
assertion_line: 256
expression: for_in.js

---
# Input
for (a in b) {}

for (aVeryLongVariableNameToEnforceLineBreaksaVeryLongVariableNameToEnforceLineBreaks in aVeryLongVariableNameToEnforceLineBreaksaVeryLongVariableNameToEnforceLineBreaks) {
}

for (a in b) { // trailing
     }
=============================
# Outputs
## Output 1
-----
Indent style: Tab
Line width: 80
Quote style: Double Quotes
Unstable sort imports: false
-----
for (a in b) {}

for (
	aVeryLongVariableNameToEnforceLineBreaksaVeryLongVariableNameToEnforceLineBreaks
	in
	aVeryLongVariableNameToEnforceLineBreaksaVeryLongVariableNameToEnforceLineBreaks
) {}

for (a in b) {
	// trailing
}

