---
source: crates/rome_js_formatter/tests/spec_test.rs
assertion_line: 256
expression: conditional_expression.js

---
# Input
a  ?  b  :  c
d
	? (e + f)
	: (g + h)

somethingThatsAReallyLongPropName ? somethingThatsAReallyLongPropName : somethingThatsAReallyLongPropName

somethingThatsAReallyLongPropName ? somethingThatsAReallyLongPropName ? somethingThatsAReallyLongPropName : somethingThatsAReallyLongPropName : somethingThatsAReallyLongPropName

somethingThatsAReallyLongPropName ? somethingThatsAReallyLongPropName : somethingThatsAReallyLongPropName ? somethingThatsAReallyLongPropName : somethingThatsAReallyLongPropName
=============================
# Outputs
## Output 1
-----
Indent style: Tab
Line width: 80
Quote style: Double Quotes
Unstable sort imports: false
-----
a ? b : c;
d ? (e + f) : (g + h);

somethingThatsAReallyLongPropName ? somethingThatsAReallyLongPropName : somethingThatsAReallyLongPropName;

somethingThatsAReallyLongPropName
	? somethingThatsAReallyLongPropName
		? somethingThatsAReallyLongPropName
		: somethingThatsAReallyLongPropName
	: somethingThatsAReallyLongPropName;

somethingThatsAReallyLongPropName
	? somethingThatsAReallyLongPropName
	: somethingThatsAReallyLongPropName
		? somethingThatsAReallyLongPropName
		: somethingThatsAReallyLongPropName;

