---
source: crates/rome_formatter/tests/spec_test.rs
assertion_line: 43
expression: spread.js

---
# Input
let a = [...a, ...b,];
let b = [...a, ...b];
[...d]
let x = [...baaaaaaaaaaaaaaaaaaaaaaaaaaaaa,...bbbbbbbbbbbbbbbbbbbbbbbbbbbbbb,...cccccccccccccccccccccccccccccc]


---
# Output
let a = [...a, ...b];
let b = [...a, ...b];
[...d];
let x = [
	...baaaaaaaaaaaaaaaaaaaaaaaaaaaaa,
	...bbbbbbbbbbbbbbbbbbbbbbbbbbbbbb,
	...cccccccccccccccccccccccccccccc,
];

