---
source: crates/rome_formatter/tests/prettier_tests.rs
assertion_line: 144
expression: methods.js

---
# Input
```js

class Yo {
  @foo("hello")
  async plop() {}

  @anotherDecoratorWithALongName("and a very long string as a first argument")
  async plip() {}

  @anotherDecoratorWithALongName("another very long string, but now inline") async plip() {}
}

```

# Output
```js
class Yo {
  @foo("hello")
  async plop() {}

  @anotherDecoratorWithALongName("and a very long string as a first argument")
  async plip() {}

  @anotherDecoratorWithALongName("another very long string, but now inline") async plip() {}
}

```

# Errors
```
error[SyntaxError]: decorators are a TypeScript only feature. Convert your file to a TypeScript file or remove the syntax.
  ┌─ methods.js:3:3
  │
3 │   @foo("hello")
  │   ^^^^^^^^^^^^^ TypeScript only syntax

error[SyntaxError]: decorators are a TypeScript only feature. Convert your file to a TypeScript file or remove the syntax.
  ┌─ methods.js:6:3
  │
6 │   @anotherDecoratorWithALongName("and a very long string as a first argument")
  │   ^^^^^^^^^^^^^^^^^^^^^^^^^^^^^^^^^^^^^^^^^^^^^^^^^^^^^^^^^^^^^^^^^^^^^^^^^^^^ TypeScript only syntax

error[SyntaxError]: decorators are a TypeScript only feature. Convert your file to a TypeScript file or remove the syntax.
  ┌─ methods.js:9:3
  │
9 │   @anotherDecoratorWithALongName("another very long string, but now inline") async plip() {}
  │   ^^^^^^^^^^^^^^^^^^^^^^^^^^^^^^^^^^^^^^^^^^^^^^^^^^^^^^^^^^^^^^^^^^^^^^^^^^ TypeScript only syntax


```


