---
source: crates/rome_formatter/tests/prettier_tests.rs
assertion_line: 144
expression: redux.js

---
# Input
```js
@connect(mapStateToProps, mapDispatchToProps)
export class MyApp extends React.Component {}

@connect(state => ({ todos: state.todos }))
export class Home extends React.Component {}

```

# Output
```js
@connect(mapStateToProps, mapDispatchToProps)
export class MyApp extends React.Component {}

@connect(state => ({ todos: state.todos }))
export class Home extends React.Component {}

```

# Errors
```
error[SyntaxError]: decorator are a TypeScript only feature. Convert your file to a TypeScript file or remove the syntax.
  ┌─ redux.js:1:1
  │
1 │ @connect(mapStateToProps, mapDispatchToProps)
  │ ^^^^^^^^^^^^^^^^^^^^^^^^^^^^^^^^^^^^^^^^^^^^^ TypeScript only syntax

error[SyntaxError]: decorator are a TypeScript only feature. Convert your file to a TypeScript file or remove the syntax.
  ┌─ redux.js:4:1
  │
4 │ @connect(state => ({ todos: state.todos }))
  │ ^^^^^^^^^^^^^^^^^^^^^^^^^^^^^^^^^^^^^^^^^^^ TypeScript only syntax


```


