---
source: crates/rome_formatter/tests/prettier_tests.rs
assertion_line: 144
expression: argument-list-preserve-line.ts

---
# Input
```js
class Foo {
    constructor(
        @inject(Bar)
        private readonly bar: IBar,

        @inject(MyProcessor)
        private readonly myProcessor: IMyProcessor,

        @inject(InjectionTypes.AnotherThing)

        private readonly anotherThing: IAnotherThing | undefined,
    ) { }
}

```

# Output
```js
class Foo {
    constructor(
        @inject(Bar)
        private readonly bar: IBar,

        @inject(MyProcessor)
        private readonly myProcessor: IMyProcessor,

        @inject(InjectionTypes.AnotherThing)

        private readonly anotherThing: IAnotherThing | undefined,
    ) { }
}

```

# Errors
```
error[SyntaxError]: expected a parameter but instead found '@'
  ┌─ argument-list-preserve-line.ts:3:9
  │
3 │         @inject(Bar)
  │         ^ Expected a parameter here

error[SyntaxError]: expected an identifier, a string literal, a number literal, a private field name, or a computed name but instead found ','
  ┌─ argument-list-preserve-line.ts:4:35
  │
4 │         private readonly bar: IBar,
  │                                   ^ Expected an identifier, a string literal, a number literal, a private field name, or a computed name here

error[SyntaxError]: expected a semicolon to end the class property, but found none
  ┌─ argument-list-preserve-line.ts:6:9
  │  
6 │ ┌         @inject(MyProcessor)
7 │ │         private readonly myProcessor: IMyProcessor,
  │ └──────────────────────────────────────────────────^

error[SyntaxError]: expected an identifier, a string literal, a number literal, a private field name, or a computed name but instead found ','
  ┌─ argument-list-preserve-line.ts:7:51
  │
7 │         private readonly myProcessor: IMyProcessor,
  │                                                   ^ Expected an identifier, a string literal, a number literal, a private field name, or a computed name here

error[SyntaxError]: expected a semicolon to end the class property, but found none
   ┌─ argument-list-preserve-line.ts:9:9
   │  
 9 │ ┌         @inject(InjectionTypes.AnotherThing)
10 │ │ 
11 │ │         private readonly anotherThing: IAnotherThing | undefined,
   │ └────────────────────────────────────────────────────────────────^

error[SyntaxError]: expected an identifier, a string literal, a number literal, a private field name, or a computed name but instead found ','
   ┌─ argument-list-preserve-line.ts:11:65
   │
11 │         private readonly anotherThing: IAnotherThing | undefined,
   │                                                                 ^ Expected an identifier, a string literal, a number literal, a private field name, or a computed name here

error[SyntaxError]: expected a statement but instead found '}'
   ┌─ argument-list-preserve-line.ts:13:1
   │
13 │ }
   │ ^ Expected a statement here


```


